
- NASM Map file ---------------------------------------------------------------

Source file:  kernel.asm
Output file:  kernel.sys

-- Program origin -------------------------------------------------------------

00000600

-- Sections (summary) ---------------------------------------------------------

Vstart            Start             Stop              Length    Class     Name
             600               600              36BD  000030BD  progbits  .text

-- Sections (detailed) --------------------------------------------------------

---- Section .text ------------------------------------------------------------

class:     progbits
length:                30BD
start:                  600
align:     not defined
follows:   not defined
vstart:                 600
valign:    not defined
vfollows:  not defined

-- Symbols --------------------------------------------------------------------

---- Section .text ------------------------------------------------------------

Real              Virtual           Name
             603               603  load_GDT
             60B               60B  gdt_start
             633               633  gdt_end
             633               633  GDTHeader
             639               639  main
             656               656  msg
             67D               67D  idtStructure
             67D               67D  idtStructure.limit
             67F               67F  idtStructure.base
             683               683  kernel_start
             697               697  setupOneVector
             6B5               6B5  endIDTSetupLoop
             AD5               AD5  InfiniteLoop
             BDA               BDA  InfiniteLoop.showMessage
             BF8               BF8  InfiniteLoop.hideMessage
             C16               C16  ConvertHexToString
             CC0               CC0  DebugPrint
             D09               D09  DebugPrint.scratchString
             D13               D13  SetSystemInfoCPUID
             D96               D96  SetSystemInfoCPUID.done
             D97               D97  SetSystemInfoCPUSpeed
             DA5               DA5  SetSystemInfoVESA
             E2F               E2F  SetSystemInfoVESA.ColorTest24Bit
             E4A               E4A  SetSystemInfoVESA.ColorTest16Bit
             E4A               E4A  SetSystemInfoVESA.ColorTestDone
             EF0               EF0  Color
             EF0               EF0  Color.Black_Red
             EF1               EF1  Color.Black_Grey
             EF2               EF2  Color.Black_Yellow
             EF3               EF3  Color.PopColor
             EF4               EF4  tSystemInfo
             EF4               EF4  tSystemInfo.kernelVersionMajor
             EF6               EF6  tSystemInfo.kernelVersionMinor
             EF8               EF8  tSystemInfo.kernelCopyright
             F1C               F1C  tSystemInfo.memoryTotalKB
             F20               F20  tSystemInfo.memoryAvailableKB
             F24               F24  tSystemInfo.memoryBlockPointer
             F28               F28  tSystemInfo.secondsSinceBoot
             F2C               F2C  tSystemInfo.tickCounter
             F2D               F2D  tSystemInfo.delayValue
             F31               F31  tSystemInfo.lastError
             F35               F35  tSystemInfo.VESAVersionMajor
             F36               F36  tSystemInfo.VESAVersionMinor
             F37               F37  tSystemInfo.VESAOEMStringPointer
             F3B               F3B  tSystemInfo.VESACapabilities
             F3F               F3F  tSystemInfo.VESAWidth
             F41               F41  tSystemInfo.VESAHeight
             F43               F43  tSystemInfo.VESAColorDepth
             F44               F44  tSystemInfo.VESAVideoRAMKB
             F48               F48  tSystemInfo.VESAOEMSoftwareRevision
             F4A               F4A  tSystemInfo.VESAOEMVendorNamePointer
             F4E               F4E  tSystemInfo.VESAOEMProductNamePointer
             F52               F52  tSystemInfo.VESAOEMProductRevisionPointer
             F56               F56  tSystemInfo.VESAOEMDataStringsPointer
             F5A               F5A  tSystemInfo.VESALFBAddress
             F5E               F5E  tSystemInfo.CPUIDVendorString
             F6E               F6E  tSystemInfo.CPUIDBrandString
             FAE               FAE  tSystemInfo.CPUIDLargestBasicQuery
             FB2               FB2  tSystemInfo.CPUIDLargestExtendedQuery
             FB6               FB6  tSystemInfo.APMVersionMajor
             FB7               FB7  tSystemInfo.APMVersionMinor
             FB8               FB8  tSystemInfo.APMFeatures
             FBA               FBA  tSystemInfo.keyboardType
             FBC               FBC  tSystemInfo.mouseAvailable
             FBD               FBD  tSystemInfo.mouseButtonCount
             FBE               FBE  tSystemInfo.mouseID
             FBF               FBF  tSystemInfo.mouseWheelPresent
             FC0               FC0  tSystemInfo.mouseButtons
             FC1               FC1  tSystemInfo.mouseX
             FC3               FC3  tSystemInfo.mouseY
             FC5               FC5  tSystemInfo.mouseZ
             FC7               FC7  tSystemInfo.mousePacketByteSize
             FC8               FC8  tSystemInfo.mousePacketByteCount
             FC9               FC9  tSystemInfo.mousePacketByte1
             FCA               FCA  tSystemInfo.mousePacketByte2
             FCB               FCB  tSystemInfo.mousePacketByte3
             FCC               FCC  tSystemInfo.mousePacketByte4
             FCD               FCD  tSystemInfo.multicoreAvailable
             FCE               FCE  tSystemInfo.PCISupport
             FCF               FCF  tVESAInfoBlock
             FCF               FCF  tVESAInfoBlock.VBESignature
             FD3               FD3  tVESAInfoBlock.VBEVersionMinor
             FD4               FD4  tVESAInfoBlock.VBEVersionMajor
             FD5               FD5  tVESAInfoBlock.OEMStringOffset
             FD7               FD7  tVESAInfoBlock.OEMStringSegment
             FD9               FD9  tVESAInfoBlock.Capabilities
             FDD               FDD  tVESAInfoBlock.VideoModeListOffset
             FDF               FDF  tVESAInfoBlock.VideoModeListSegment
             FE1               FE1  tVESAInfoBlock.TotalMemory
             FE3               FE3  tVESAInfoBlock.OEMSoftwareRev
             FE5               FE5  tVESAInfoBlock.OEMVendorNameOffset
             FE7               FE7  tVESAInfoBlock.OEMVendorNameSegment
             FE9               FE9  tVESAInfoBlock.OEMProductNameOffset
             FEB               FEB  tVESAInfoBlock.OEMProductNameSegment
             FED               FED  tVESAInfoBlock.OEMProductRevOffset
             FEF               FEF  tVESAInfoBlock.OEMProductRevSegment
             FF1               FF1  tVESAInfoBlock.Reserved
            10CF              10CF  tVESAInfoBlock.OEMData
            11CF              11CF  tVESAModeInfo
            11CF              11CF  tVESAModeInfo.ModeAttributes
            11D1              11D1  tVESAModeInfo.WinAAttributes
            11D2              11D2  tVESAModeInfo.WinBAttributes
            11D3              11D3  tVESAModeInfo.WinGranularity
            11D5              11D5  tVESAModeInfo.WinSize
            11D7              11D7  tVESAModeInfo.WinASegment
            11D9              11D9  tVESAModeInfo.WinBSegment
            11DB              11DB  tVESAModeInfo.WinFuncPtr
            11DF              11DF  tVESAModeInfo.BytesPerScanline
            11E1              11E1  tVESAModeInfo.XResolution
            11E3              11E3  tVESAModeInfo.YResolution
            11E5              11E5  tVESAModeInfo.XCharSize
            11E6              11E6  tVESAModeInfo.YCharSize
            11E7              11E7  tVESAModeInfo.NumberOfPlanes
            11E8              11E8  tVESAModeInfo.BitsPerPixel
            11E9              11E9  tVESAModeInfo.NumberOfBanks
            11EA              11EA  tVESAModeInfo.MemoryModel
            11EB              11EB  tVESAModeInfo.BankSize
            11EC              11EC  tVESAModeInfo.NumberOfImagePages
            11ED              11ED  tVESAModeInfo.ReservedA
            11EE              11EE  tVESAModeInfo.RedMaskSize
            11EF              11EF  tVESAModeInfo.RedFieldPosition
            11F0              11F0  tVESAModeInfo.GreenMaskSize
            11F1              11F1  tVESAModeInfo.GreenFieldPosition
            11F2              11F2  tVESAModeInfo.BlueMaskSize
            11F3              11F3  tVESAModeInfo.BlueFieldPosition
            11F4              11F4  tVESAModeInfo.RsvdMaskSize
            11F5              11F5  tVESAModeInfo.RsvdFieldPosition
            11F6              11F6  tVESAModeInfo.DirectColorModeInfo
            11F7              11F7  tVESAModeInfo.PhysBasePtr
            11FB              11FB  tVESAModeInfo.OffScreenMemOffset
            11FF              11FF  tVESAModeInfo.OffScreenMemSize
            1201              1201  tVESAModeInfo.ReservedB
            12CF              12CF  tMBR
            12CF              12CF  tMBR.BootCode
            148D              148D  tMBR.Partiton1Status
            148E              148E  tMBR.Partition1FirstSectorCHS
            1491              1491  tMBR.Partition1Type
            1492              1492  tMBR.Partition1LastSectorCHS
            1495              1495  tMBR.Partition1FirstSectorLBA
            1499              1499  tMBR.Partition1SectorCount
            149D              149D  tMBR.Partition2Status
            149E              149E  tMBR.Partition2FirstSectorCHS
            14A1              14A1  tMBR.Partition2Type
            14A2              14A2  tMBR.Partition2LastSectorCHS
            14A5              14A5  tMBR.Partition2FirstSectorLBA
            14A9              14A9  tMBR.Partition2SectorCount
            14AD              14AD  tMBR.Partition3Status
            14AE              14AE  tMBR.Partition3FirstSectorCHS
            14B1              14B1  tMBR.Partition3Type
            14B2              14B2  tMBR.Partition3LastSectorCHS
            14B5              14B5  tMBR.Partition3FirstSectorLBA
            14B9              14B9  tMBR.Partition3SectorCount
            14BD              14BD  tMBR.Partition4Status
            14BE              14BE  tMBR.Partition4FirstSectorCHS
            14C1              14C1  tMBR.Partition4Type
            14C2              14C2  tMBR.Partition4LastSectorCHS
            14C5              14C5  tMBR.Partition4FirstSectorLBA
            14C9              14C9  tMBR.Partition4SectorCount
            14CD              14CD  tMBR.Signature
            14CF              14CF  tFAT16BootSector
            14CF              14CF  tFAT16BootSector.JumpOpcode
            14D2              14D2  tFAT16BootSector.OEMName
            14DA              14DA  tFAT16BootSector.BytesPerSector
            14DC              14DC  tFAT16BootSector.SectorsPerCluster
            14DD              14DD  tFAT16BootSector.ReservedSectors
            14DF              14DF  tFAT16BootSector.FATCount
            14E0              14E0  tFAT16BootSector.MaxRootEntries
            14E2              14E2  tFAT16BootSector.TotalSectors
            14E4              14E4  tFAT16BootSector.MediaDescriptor
            14E5              14E5  tFAT16BootSector.SectorsPerFAT
            14E7              14E7  tFAT16BootSector.SectorsPerTrack
            14E9              14E9  tFAT16BootSector.HeadCount
            14EB              14EB  tFAT16BootSector.HiddenSectors
            14EF              14EF  tFAT16BootSector.TotalSectorsAndHidden
            14F1              14F1  tFAT16BootSector.PhysicalDriveNumber
            14F2              14F2  tFAT16BootSector.Reserved
            14F3              14F3  tFAT16BootSector.ExtendedSignature
            14F4              14F4  tFAT16BootSector.VolumeSerial
            14F8              14F8  tFAT16BootSector.PartitionVolumeLabel
            1503              1503  tFAT16BootSector.FileSystemType
            150B              150B  tFAT16BootSector.BootCode
            16CB              16CB  tFAT16BootSector.Signature
            16CD              16CD  VESAPlot
            16D1              16D1  VESAPrint
            16D5              16D5  kCRLF
            16D8              16D8  kIDTPtr
            16DC              16DC  kPIC1CmdPort
            16DE              16DE  kPIC1DataPort
            16E0              16E0  kPIC2CmdPort
            16E2              16E2  kPIC2DataPort
            16E4              16E4  kPITPort
            16E6              16E6  kConfigBitsHint
            16F2              16F2  kConfigBits
            16F6              16F6  kHexDigits
            1706              1706  kKeyBufferWrite
            1707              1707  kKeyBufferRead
            1708              1708  kKeyBuffer
            1808              1808  kPrintString
            1908              1908  kUnsupportedInt
            1931              1931  kFastA20Fail
            1966              1966  kMeme820unsup
            1994              1994  kFailed
            19C1              19C1  kRebootMSG
            19CE              19CE  kKeyTable
            1A24              1A24  kKernelFont
            2A24              2A24  tEvent
            2A24              2A24  PrintReal
            2A3E              2A3E  PrintReal.loopBegin
            2A50              2A50  PrintReal.end
            2A51              2A51  A20Enable
            2A75              2A75  A20Enable.success
            2A76              2A76  A20Enable.infiniteLoop
            2A78              2A78  CPUSpeedDetect
            2A90              2A90  CPUSpeedDetect.loop1
            2AA6              2AA6  PITInit
            2AB5              2AB5  Reboot
            2ABE              2ABE  IDTWrite
            2AFC              2AFC  IntUnsupported
            2B1A              2B1A  ISR00
            2B22              2B22  ISR01
            2B2A              2B2A  ISR02
            2B32              2B32  ISR03
            2B3A              2B3A  ISR04
            2B42              2B42  ISR05
            2B4A              2B4A  ISR06
            2B52              2B52  ISR07
            2B5A              2B5A  ISR08
            2B62              2B62  ISR09
            2B6A              2B6A  ISR0A
            2B72              2B72  ISR0B
            2B7A              2B7A  ISR0C
            2B82              2B82  ISR0D
            2B8A              2B8A  ISR0E
            2B92              2B92  ISR0F
            2B9A              2B9A  ISR10
            2BA2              2BA2  ISR11
            2BAA              2BAA  ISR12
            2BB2              2BB2  ISR13
            2BBA              2BBA  ISR14
            2BC2              2BC2  ISR15
            2BCA              2BCA  ISR16
            2BD2              2BD2  ISR17
            2BDA              2BDA  ISR18
            2BE2              2BE2  ISR19
            2BEA              2BEA  ISR1A
            2BF2              2BF2  ISR1B
            2BFA              2BFA  ISR1C
            2C02              2C02  ISR1D
            2C0A              2C0A  ISR1E
            2C12              2C12  ISR1F
            2C1A              2C1A  ISR20
            2C30              2C30  ISR20.noIncrement
            2C37              2C37  ISR21
            2C6C              2C6C  ISR21.done
            2C73              2C73  ISR21.incrementCounter
            2C7B              2C7B  ISR22
            2C83              2C83  ISR23
            2C8B              2C8B  ISR24
            2C93              2C93  ISR25
            2C9B              2C9B  ISR26
            2CA3              2CA3  ISR27
            2CAB              2CAB  ISR28
            2CB3              2CB3  ISR29
            2CBB              2CBB  ISR2A
            2CC3              2CC3  ISR2B
            2CCB              2CCB  ISR2C
            2D46              2D46  ISR2C.mouseXPositive
            2D56              2D56  ISR2C.mouseXDone
            2D8B              2D8B  ISR2C.mouseYPositive
            2D95              2D95  ISR2C.mouseYDone
            2DC8              2DC8  ISR2C.mouseZPositive
            2DCB              2DCB  ISR2C.mouseZDone
            2DD2              2DD2  ISR2C.done
            2DDF              2DDF  ISR2C.mouseXNegativeAdjust
            2DE8              2DE8  ISR2C.mouseXPositiveAdjust
            2DF6              2DF6  ISR2C.mouseYNegativeAdjust
            2DFC              2DFC  ISR2C.mouseYPositiveAdjust
            2E07              2E07  ISR2D
            2E0F              2E0F  ISR2E
            2E17              2E17  ISR2F
            2E1F              2E1F  MemoryInit
            2E1F              2E1F  MemoryInit.starte820
            2E55              2E55  MemoryInit.e820Continue
            2E74              2E74  MemoryInit.next
            2E86              2E86  MemoryInit.notext
            2E92              2E92  MemoryInit.skipentry
            2E97              2E97  MemoryInit.e820f
            2E9D              2E9D  MemoryInit.failed
            2EA7              2EA7  memmap_ent
            2EA9              2EA9  MemoryGet
            2EAA              2EAA  MemoryDispose
            2EAB              2EAB  PICDisableIRQs
            2EBE              2EBE  PICInit
            2F33              2F33  PICIntComplete
            2F46              2F46  PICMaskAll
            2F5D              2F5D  PICMaskSet
            2F74              2F74  PICUnmaskAll
            2F87              2F87  KeyboardInit
            2F9B              2F9B  KeyboardInit.loop
            2FAE              2FAE  KeyboardInit.resetDone
            2FDF              2FDF  KeyboardInit.loopA
            302B              302B  KeyboardInit.loopB
            3076              3076  KeyboardInit.loopC
            30AA              30AA  KeyboardNumLockSet
            30CB              30CB  KeyGet
            30FB              30FB  KeyGet.done
            30FF              30FF  MouseInit
            312E              312E  MouseInit.loop
            3141              3141  MouseInit.resetDone
            3246              3246  MouseInit.skipDefaultSettings
            3258              3258  MouseInit.fancyMouse
            325F              325F  MouseInit.donePacketSetting
            32A9              32A9  PS2ControllerWaitDataRead
            32C1              32C1  PS2ControllerWaitDataRead.waitLoop
            32D8              32D8  PS2ControllerWaitDataRead.done
            32D9              32D9  PS2ControllerWaitDataWrite
            32F1              32F1  PS2ControllerWaitDataWrite.waitLoop
            3304              3304  PS2ControllerWaitDataWrite.done
            3305              3305  VESAInit
            3317              3317  GetModes
            332B              332B  GetModes.readLoop
            3368              3368  GetModes.doNextIteration
            336D              336D  GetModes.doneLoop
            3386              3386  VESAPlot24
            33B6              33B6  VESAPlot32
            33D7              33D7  VESAPrint24
            340B              340B  VESAPrint24.StringDrawLoop
            3426              3426  VESAPrint24.FontBytesLoop
            3433              3433  VESAPrint24.PointPlotA
            3447              3447  VESAPrint24.PointSkipA
            345D              345D  VESAPrint24.PointDoneA
            3467              3467  VESAPrint24.PointPlotB
            347B              347B  VESAPrint24.PointSkipB
            3491              3491  VESAPrint24.PointDoneB
            349B              349B  VESAPrint24.PointPlotC
            34AF              34AF  VESAPrint24.PointSkipC
            34C5              34C5  VESAPrint24.PointDoneC
            34CF              34CF  VESAPrint24.PointPlotD
            34E3              34E3  VESAPrint24.PointSkipD
            34F9              34F9  VESAPrint24.PointDoneD
            3503              3503  VESAPrint24.PointPlotE
            3517              3517  VESAPrint24.PointSkipE
            352D              352D  VESAPrint24.PointDoneE
            3537              3537  VESAPrint24.PointPlotF
            354B              354B  VESAPrint24.PointSkipF
            3561              3561  VESAPrint24.PointDoneF
            356B              356B  VESAPrint24.PointPlotG
            357F              357F  VESAPrint24.PointSkipG
            3595              3595  VESAPrint24.PointDoneG
            359F              359F  VESAPrint24.PointPlotH
            35B3              35B3  VESAPrint24.PointSkipH
            35C9              35C9  VESAPrint24.PointDoneH
            35E8              35E8  VESAPrint24.End
            35EA              35EA  VESAPrint32
            361E              361E  VESAPrint32.StringDrawLoop
            3639              3639  VESAPrint32.FontBytesLoop
            36BB              36BB  VESAPrint32.End

