
- NASM Map file ---------------------------------------------------------------

Source file:  kernel.asm
Output file:  kernel.sys

-- Program origin -------------------------------------------------------------

00000600

-- Sections (summary) ---------------------------------------------------------

Vstart            Start             Stop              Length    Class     Name
             600               600              36A0  000030A0  progbits  .text

-- Sections (detailed) --------------------------------------------------------

---- Section .text ------------------------------------------------------------

class:     progbits
length:                30A0
start:                  600
align:     not defined
follows:   not defined
vstart:                 600
valign:    not defined
vfollows:  not defined

-- Symbols --------------------------------------------------------------------

---- Section .text ------------------------------------------------------------

Real              Virtual           Name
             603               603  load_GDT
             60B               60B  gdt_start
             633               633  gdt_end
             633               633  GDTHeader
             639               639  main
             664               664  idtStructure
             664               664  idtStructure.limit
             666               666  idtStructure.base
             66A               66A  kernel_start
             67E               67E  setupOneVector
             69C               69C  endIDTSetupLoop
             ABC               ABC  InfiniteLoop
             BC1               BC1  InfiniteLoop.showMessage
             BDF               BDF  InfiniteLoop.hideMessage
             BFD               BFD  ConvertHexToString
             CA7               CA7  DebugPrint
             CF0               CF0  DebugPrint.scratchString
             CFA               CFA  SetSystemInfoCPUID
             D7D               D7D  SetSystemInfoCPUID.done
             D7E               D7E  SetSystemInfoCPUSpeed
             D8C               D8C  SetSystemInfoVESA
             E16               E16  SetSystemInfoVESA.ColorTest24Bit
             E31               E31  SetSystemInfoVESA.ColorTest16Bit
             E31               E31  SetSystemInfoVESA.ColorTestDone
             ED7               ED7  tSystemInfo
             ED7               ED7  tSystemInfo.kernelVersionMajor
             ED9               ED9  tSystemInfo.kernelVersionMinor
             EDB               EDB  tSystemInfo.kernelCopyright
             EFF               EFF  tSystemInfo.memoryTotalKB
             F03               F03  tSystemInfo.memoryAvailableKB
             F07               F07  tSystemInfo.memoryBlockPointer
             F0B               F0B  tSystemInfo.secondsSinceBoot
             F0F               F0F  tSystemInfo.tickCounter
             F10               F10  tSystemInfo.delayValue
             F14               F14  tSystemInfo.lastError
             F18               F18  tSystemInfo.VESAVersionMajor
             F19               F19  tSystemInfo.VESAVersionMinor
             F1A               F1A  tSystemInfo.VESAOEMStringPointer
             F1E               F1E  tSystemInfo.VESACapabilities
             F22               F22  tSystemInfo.VESAWidth
             F24               F24  tSystemInfo.VESAHeight
             F26               F26  tSystemInfo.VESAColorDepth
             F27               F27  tSystemInfo.VESAVideoRAMKB
             F2B               F2B  tSystemInfo.VESAOEMSoftwareRevision
             F2D               F2D  tSystemInfo.VESAOEMVendorNamePointer
             F31               F31  tSystemInfo.VESAOEMProductNamePointer
             F35               F35  tSystemInfo.VESAOEMProductRevisionPointer
             F39               F39  tSystemInfo.VESAOEMDataStringsPointer
             F3D               F3D  tSystemInfo.VESALFBAddress
             F41               F41  tSystemInfo.CPUIDVendorString
             F51               F51  tSystemInfo.CPUIDBrandString
             F91               F91  tSystemInfo.CPUIDLargestBasicQuery
             F95               F95  tSystemInfo.CPUIDLargestExtendedQuery
             F99               F99  tSystemInfo.APMVersionMajor
             F9A               F9A  tSystemInfo.APMVersionMinor
             F9B               F9B  tSystemInfo.APMFeatures
             F9D               F9D  tSystemInfo.keyboardType
             F9F               F9F  tSystemInfo.mouseAvailable
             FA0               FA0  tSystemInfo.mouseButtonCount
             FA1               FA1  tSystemInfo.mouseID
             FA2               FA2  tSystemInfo.mouseWheelPresent
             FA3               FA3  tSystemInfo.mouseButtons
             FA4               FA4  tSystemInfo.mouseX
             FA6               FA6  tSystemInfo.mouseY
             FA8               FA8  tSystemInfo.mouseZ
             FAA               FAA  tSystemInfo.mousePacketByteSize
             FAB               FAB  tSystemInfo.mousePacketByteCount
             FAC               FAC  tSystemInfo.mousePacketByte1
             FAD               FAD  tSystemInfo.mousePacketByte2
             FAE               FAE  tSystemInfo.mousePacketByte3
             FAF               FAF  tSystemInfo.mousePacketByte4
             FB0               FB0  tSystemInfo.multicoreAvailable
             FB1               FB1  tSystemInfo.PCISupport
             FB2               FB2  tVESAInfoBlock
             FB2               FB2  tVESAInfoBlock.VBESignature
             FB6               FB6  tVESAInfoBlock.VBEVersionMinor
             FB7               FB7  tVESAInfoBlock.VBEVersionMajor
             FB8               FB8  tVESAInfoBlock.OEMStringOffset
             FBA               FBA  tVESAInfoBlock.OEMStringSegment
             FBC               FBC  tVESAInfoBlock.Capabilities
             FC0               FC0  tVESAInfoBlock.VideoModeListOffset
             FC2               FC2  tVESAInfoBlock.VideoModeListSegment
             FC4               FC4  tVESAInfoBlock.TotalMemory
             FC6               FC6  tVESAInfoBlock.OEMSoftwareRev
             FC8               FC8  tVESAInfoBlock.OEMVendorNameOffset
             FCA               FCA  tVESAInfoBlock.OEMVendorNameSegment
             FCC               FCC  tVESAInfoBlock.OEMProductNameOffset
             FCE               FCE  tVESAInfoBlock.OEMProductNameSegment
             FD0               FD0  tVESAInfoBlock.OEMProductRevOffset
             FD2               FD2  tVESAInfoBlock.OEMProductRevSegment
             FD4               FD4  tVESAInfoBlock.Reserved
            10B2              10B2  tVESAInfoBlock.OEMData
            11B2              11B2  tVESAModeInfo
            11B2              11B2  tVESAModeInfo.ModeAttributes
            11B4              11B4  tVESAModeInfo.WinAAttributes
            11B5              11B5  tVESAModeInfo.WinBAttributes
            11B6              11B6  tVESAModeInfo.WinGranularity
            11B8              11B8  tVESAModeInfo.WinSize
            11BA              11BA  tVESAModeInfo.WinASegment
            11BC              11BC  tVESAModeInfo.WinBSegment
            11BE              11BE  tVESAModeInfo.WinFuncPtr
            11C2              11C2  tVESAModeInfo.BytesPerScanline
            11C4              11C4  tVESAModeInfo.XResolution
            11C6              11C6  tVESAModeInfo.YResolution
            11C8              11C8  tVESAModeInfo.XCharSize
            11C9              11C9  tVESAModeInfo.YCharSize
            11CA              11CA  tVESAModeInfo.NumberOfPlanes
            11CB              11CB  tVESAModeInfo.BitsPerPixel
            11CC              11CC  tVESAModeInfo.NumberOfBanks
            11CD              11CD  tVESAModeInfo.MemoryModel
            11CE              11CE  tVESAModeInfo.BankSize
            11CF              11CF  tVESAModeInfo.NumberOfImagePages
            11D0              11D0  tVESAModeInfo.ReservedA
            11D1              11D1  tVESAModeInfo.RedMaskSize
            11D2              11D2  tVESAModeInfo.RedFieldPosition
            11D3              11D3  tVESAModeInfo.GreenMaskSize
            11D4              11D4  tVESAModeInfo.GreenFieldPosition
            11D5              11D5  tVESAModeInfo.BlueMaskSize
            11D6              11D6  tVESAModeInfo.BlueFieldPosition
            11D7              11D7  tVESAModeInfo.RsvdMaskSize
            11D8              11D8  tVESAModeInfo.RsvdFieldPosition
            11D9              11D9  tVESAModeInfo.DirectColorModeInfo
            11DA              11DA  tVESAModeInfo.PhysBasePtr
            11DE              11DE  tVESAModeInfo.OffScreenMemOffset
            11E2              11E2  tVESAModeInfo.OffScreenMemSize
            11E4              11E4  tVESAModeInfo.ReservedB
            12B2              12B2  tMBR
            12B2              12B2  tMBR.BootCode
            1470              1470  tMBR.Partiton1Status
            1471              1471  tMBR.Partition1FirstSectorCHS
            1474              1474  tMBR.Partition1Type
            1475              1475  tMBR.Partition1LastSectorCHS
            1478              1478  tMBR.Partition1FirstSectorLBA
            147C              147C  tMBR.Partition1SectorCount
            1480              1480  tMBR.Partition2Status
            1481              1481  tMBR.Partition2FirstSectorCHS
            1484              1484  tMBR.Partition2Type
            1485              1485  tMBR.Partition2LastSectorCHS
            1488              1488  tMBR.Partition2FirstSectorLBA
            148C              148C  tMBR.Partition2SectorCount
            1490              1490  tMBR.Partition3Status
            1491              1491  tMBR.Partition3FirstSectorCHS
            1494              1494  tMBR.Partition3Type
            1495              1495  tMBR.Partition3LastSectorCHS
            1498              1498  tMBR.Partition3FirstSectorLBA
            149C              149C  tMBR.Partition3SectorCount
            14A0              14A0  tMBR.Partition4Status
            14A1              14A1  tMBR.Partition4FirstSectorCHS
            14A4              14A4  tMBR.Partition4Type
            14A5              14A5  tMBR.Partition4LastSectorCHS
            14A8              14A8  tMBR.Partition4FirstSectorLBA
            14AC              14AC  tMBR.Partition4SectorCount
            14B0              14B0  tMBR.Signature
            14B2              14B2  tFAT16BootSector
            14B2              14B2  tFAT16BootSector.JumpOpcode
            14B5              14B5  tFAT16BootSector.OEMName
            14BD              14BD  tFAT16BootSector.BytesPerSector
            14BF              14BF  tFAT16BootSector.SectorsPerCluster
            14C0              14C0  tFAT16BootSector.ReservedSectors
            14C2              14C2  tFAT16BootSector.FATCount
            14C3              14C3  tFAT16BootSector.MaxRootEntries
            14C5              14C5  tFAT16BootSector.TotalSectors
            14C7              14C7  tFAT16BootSector.MediaDescriptor
            14C8              14C8  tFAT16BootSector.SectorsPerFAT
            14CA              14CA  tFAT16BootSector.SectorsPerTrack
            14CC              14CC  tFAT16BootSector.HeadCount
            14CE              14CE  tFAT16BootSector.HiddenSectors
            14D2              14D2  tFAT16BootSector.TotalSectorsAndHidden
            14D4              14D4  tFAT16BootSector.PhysicalDriveNumber
            14D5              14D5  tFAT16BootSector.Reserved
            14D6              14D6  tFAT16BootSector.ExtendedSignature
            14D7              14D7  tFAT16BootSector.VolumeSerial
            14DB              14DB  tFAT16BootSector.PartitionVolumeLabel
            14E6              14E6  tFAT16BootSector.FileSystemType
            14EE              14EE  tFAT16BootSector.BootCode
            16AE              16AE  tFAT16BootSector.Signature
            16B0              16B0  VESAPlot
            16B4              16B4  VESAPrint
            16B8              16B8  kCRLF
            16BB              16BB  kIDTPtr
            16BF              16BF  kPIC1CmdPort
            16C1              16C1  kPIC1DataPort
            16C3              16C3  kPIC2CmdPort
            16C5              16C5  kPIC2DataPort
            16C7              16C7  kPITPort
            16C9              16C9  kConfigBitsHint
            16D5              16D5  kConfigBits
            16D9              16D9  kHexDigits
            16E9              16E9  kKeyBufferWrite
            16EA              16EA  kKeyBufferRead
            16EB              16EB  kKeyBuffer
            17EB              17EB  kPrintString
            18EB              18EB  kUnsupportedInt
            1914              1914  kFastA20Fail
            1949              1949  kMeme820unsup
            1977              1977  kFailed
            19A4              19A4  kRebootMSG
            19B1              19B1  kKeyTable
            1A07              1A07  kKernelFont
            2A07              2A07  tEvent
            2A07              2A07  PrintReal
            2A21              2A21  PrintReal.loopBegin
            2A33              2A33  PrintReal.end
            2A34              2A34  A20Enable
            2A58              2A58  A20Enable.success
            2A59              2A59  A20Enable.infiniteLoop
            2A5B              2A5B  CPUSpeedDetect
            2A73              2A73  CPUSpeedDetect.loop1
            2A89              2A89  PITInit
            2A98              2A98  Reboot
            2AA1              2AA1  IDTWrite
            2ADF              2ADF  IntUnsupported
            2AFD              2AFD  ISR00
            2B05              2B05  ISR01
            2B0D              2B0D  ISR02
            2B15              2B15  ISR03
            2B1D              2B1D  ISR04
            2B25              2B25  ISR05
            2B2D              2B2D  ISR06
            2B35              2B35  ISR07
            2B3D              2B3D  ISR08
            2B45              2B45  ISR09
            2B4D              2B4D  ISR0A
            2B55              2B55  ISR0B
            2B5D              2B5D  ISR0C
            2B65              2B65  ISR0D
            2B6D              2B6D  ISR0E
            2B75              2B75  ISR0F
            2B7D              2B7D  ISR10
            2B85              2B85  ISR11
            2B8D              2B8D  ISR12
            2B95              2B95  ISR13
            2B9D              2B9D  ISR14
            2BA5              2BA5  ISR15
            2BAD              2BAD  ISR16
            2BB5              2BB5  ISR17
            2BBD              2BBD  ISR18
            2BC5              2BC5  ISR19
            2BCD              2BCD  ISR1A
            2BD5              2BD5  ISR1B
            2BDD              2BDD  ISR1C
            2BE5              2BE5  ISR1D
            2BED              2BED  ISR1E
            2BF5              2BF5  ISR1F
            2BFD              2BFD  ISR20
            2C13              2C13  ISR20.noIncrement
            2C1A              2C1A  ISR21
            2C4F              2C4F  ISR21.done
            2C56              2C56  ISR21.incrementCounter
            2C5E              2C5E  ISR22
            2C66              2C66  ISR23
            2C6E              2C6E  ISR24
            2C76              2C76  ISR25
            2C7E              2C7E  ISR26
            2C86              2C86  ISR27
            2C8E              2C8E  ISR28
            2C96              2C96  ISR29
            2C9E              2C9E  ISR2A
            2CA6              2CA6  ISR2B
            2CAE              2CAE  ISR2C
            2D29              2D29  ISR2C.mouseXPositive
            2D39              2D39  ISR2C.mouseXDone
            2D6E              2D6E  ISR2C.mouseYPositive
            2D78              2D78  ISR2C.mouseYDone
            2DAB              2DAB  ISR2C.mouseZPositive
            2DAE              2DAE  ISR2C.mouseZDone
            2DB5              2DB5  ISR2C.done
            2DC2              2DC2  ISR2C.mouseXNegativeAdjust
            2DCB              2DCB  ISR2C.mouseXPositiveAdjust
            2DD9              2DD9  ISR2C.mouseYNegativeAdjust
            2DDF              2DDF  ISR2C.mouseYPositiveAdjust
            2DEA              2DEA  ISR2D
            2DF2              2DF2  ISR2E
            2DFA              2DFA  ISR2F
            2E02              2E02  MemoryInit
            2E02              2E02  MemoryInit.starte820
            2E38              2E38  MemoryInit.e820Continue
            2E57              2E57  MemoryInit.next
            2E69              2E69  MemoryInit.notext
            2E75              2E75  MemoryInit.skipentry
            2E7A              2E7A  MemoryInit.e820f
            2E80              2E80  MemoryInit.failed
            2E8A              2E8A  memmap_ent
            2E8C              2E8C  MemoryGet
            2E8D              2E8D  MemoryDispose
            2E8E              2E8E  PICDisableIRQs
            2EA1              2EA1  PICInit
            2F16              2F16  PICIntComplete
            2F29              2F29  PICMaskAll
            2F40              2F40  PICMaskSet
            2F57              2F57  PICUnmaskAll
            2F6A              2F6A  KeyboardInit
            2F7E              2F7E  KeyboardInit.loop
            2F91              2F91  KeyboardInit.resetDone
            2FC2              2FC2  KeyboardInit.loopA
            300E              300E  KeyboardInit.loopB
            3059              3059  KeyboardInit.loopC
            308D              308D  KeyboardNumLockSet
            30AE              30AE  KeyGet
            30DE              30DE  KeyGet.done
            30E2              30E2  MouseInit
            3111              3111  MouseInit.loop
            3124              3124  MouseInit.resetDone
            3229              3229  MouseInit.skipDefaultSettings
            323B              323B  MouseInit.fancyMouse
            3242              3242  MouseInit.donePacketSetting
            328C              328C  PS2ControllerWaitDataRead
            32A4              32A4  PS2ControllerWaitDataRead.waitLoop
            32BB              32BB  PS2ControllerWaitDataRead.done
            32BC              32BC  PS2ControllerWaitDataWrite
            32D4              32D4  PS2ControllerWaitDataWrite.waitLoop
            32E7              32E7  PS2ControllerWaitDataWrite.done
            32E8              32E8  VESAInit
            32FA              32FA  GetModes
            330E              330E  GetModes.readLoop
            334B              334B  GetModes.doNextIteration
            3350              3350  GetModes.doneLoop
            3369              3369  VESAPlot24
            3399              3399  VESAPlot32
            33BA              33BA  VESAPrint24
            33EE              33EE  VESAPrint24.StringDrawLoop
            3409              3409  VESAPrint24.FontBytesLoop
            3416              3416  VESAPrint24.PointPlotA
            342A              342A  VESAPrint24.PointSkipA
            3440              3440  VESAPrint24.PointDoneA
            344A              344A  VESAPrint24.PointPlotB
            345E              345E  VESAPrint24.PointSkipB
            3474              3474  VESAPrint24.PointDoneB
            347E              347E  VESAPrint24.PointPlotC
            3492              3492  VESAPrint24.PointSkipC
            34A8              34A8  VESAPrint24.PointDoneC
            34B2              34B2  VESAPrint24.PointPlotD
            34C6              34C6  VESAPrint24.PointSkipD
            34DC              34DC  VESAPrint24.PointDoneD
            34E6              34E6  VESAPrint24.PointPlotE
            34FA              34FA  VESAPrint24.PointSkipE
            3510              3510  VESAPrint24.PointDoneE
            351A              351A  VESAPrint24.PointPlotF
            352E              352E  VESAPrint24.PointSkipF
            3544              3544  VESAPrint24.PointDoneF
            354E              354E  VESAPrint24.PointPlotG
            3562              3562  VESAPrint24.PointSkipG
            3578              3578  VESAPrint24.PointDoneG
            3582              3582  VESAPrint24.PointPlotH
            3596              3596  VESAPrint24.PointSkipH
            35AC              35AC  VESAPrint24.PointDoneH
            35CB              35CB  VESAPrint24.End
            35CD              35CD  VESAPrint32
            3601              3601  VESAPrint32.StringDrawLoop
            361C              361C  VESAPrint32.FontBytesLoop
            369E              369E  VESAPrint32.End

