
- NASM Map file ---------------------------------------------------------------

Source file:  kernel.asm
Output file:  kernel.sys

-- Program origin -------------------------------------------------------------

00000600

-- Sections (summary) ---------------------------------------------------------

Vstart            Start             Stop              Length    Class     Name
             600               600              36AD  000030AD  progbits  .text

-- Sections (detailed) --------------------------------------------------------

---- Section .text ------------------------------------------------------------

class:     progbits
length:                30AD
start:                  600
align:     not defined
follows:   not defined
vstart:                 600
valign:    not defined
vfollows:  not defined

-- Symbols --------------------------------------------------------------------

---- Section .text ------------------------------------------------------------

Real              Virtual           Name
             603               603  load_GDT
             60B               60B  gdt_start
             633               633  gdt_end
             633               633  GDTHeader
             639               639  main
             661               661  GetModes
             675               675  GetModes.readLoop
             6B2               6B2  GetModes.doNextIteration
             6B7               6B7  GetModes.doneLoop
             6E1               6E1  idtStructure
             6E1               6E1  idtStructure.limit
             6E3               6E3  idtStructure.base
             6E7               6E7  kernel_start
             6FB               6FB  setupOneVector
             719               719  endIDTSetupLoop
             AD7               AD7  kernelInitFastA20Success
             B7E               B7E  ColorTest24Bit
             B99               B99  ColorTest16Bit
             B99               B99  ColorTestDone
             CA4               CA4  CPUIDDoneProbing
             D26               D26  InfiniteLoop
             E2B               E2B  InfiniteLoop.showMessage
             E49               E49  InfiniteLoop.hideMessage
             E67               E67  IntUnsupported
             E85               E85  ISR00
             E8D               E8D  ISR01
             E95               E95  ISR02
             E9D               E9D  ISR03
             EA5               EA5  ISR04
             EAD               EAD  ISR05
             EB5               EB5  ISR06
             EBD               EBD  ISR07
             EC5               EC5  ISR08
             ECD               ECD  ISR09
             ED5               ED5  ISR0A
             EDD               EDD  ISR0B
             EE5               EE5  ISR0C
             EED               EED  ISR0D
             EF5               EF5  ISR0E
             EFD               EFD  ISR0F
             F05               F05  ISR10
             F0D               F0D  ISR11
             F15               F15  ISR12
             F1D               F1D  ISR13
             F25               F25  ISR14
             F2D               F2D  ISR15
             F35               F35  ISR16
             F3D               F3D  ISR17
             F45               F45  ISR18
             F4D               F4D  ISR19
             F55               F55  ISR1A
             F5D               F5D  ISR1B
             F65               F65  ISR1C
             F6D               F6D  ISR1D
             F75               F75  ISR1E
             F7D               F7D  ISR1F
             F85               F85  ISR20
             F9B               F9B  ISR20.noIncrement
             FA2               FA2  ISR21
             FD7               FD7  ISR21.done
             FDE               FDE  ISR21.incrementCounter
             FE6               FE6  ISR22
             FEE               FEE  ISR23
             FF6               FF6  ISR24
             FFE               FFE  ISR25
            1006              1006  ISR26
            100E              100E  ISR27
            1016              1016  ISR28
            101E              101E  ISR29
            1026              1026  ISR2A
            102E              102E  ISR2B
            1036              1036  ISR2C
            10B1              10B1  ISR2C.mouseXPositive
            10C1              10C1  ISR2C.mouseXDone
            10F6              10F6  ISR2C.mouseYPositive
            1100              1100  ISR2C.mouseYDone
            1133              1133  ISR2C.mouseZPositive
            1136              1136  ISR2C.mouseZDone
            113D              113D  ISR2C.done
            114A              114A  ISR2C.mouseXNegativeAdjust
            1153              1153  ISR2C.mouseXPositiveAdjust
            1161              1161  ISR2C.mouseYNegativeAdjust
            1167              1167  ISR2C.mouseYPositiveAdjust
            1172              1172  ISR2D
            117A              117A  ISR2E
            1182              1182  ISR2F
            118A              118A  IDTWrite
            11C8              11C8  PrintFail
            11E2              11E2  PrintFail.loopBegin
            11F4              11F4  PrintFail.end
            11F5              11F5  KeyboardInit
            1209              1209  KeyboardInit.loop
            121C              121C  KeyboardInit.resetDone
            124D              124D  KeyboardInit.loopA
            1299              1299  KeyboardInit.loopB
            12E4              12E4  KeyboardInit.loopC
            1318              1318  KeyboardNumLockSet
            1339              1339  KeyGet
            1369              1369  KeyGet.done
            136D              136D  MouseInit
            139C              139C  MouseInit.loop
            13AF              13AF  MouseInit.resetDone
            14B4              14B4  MouseInit.skipDefaultSettings
            14C6              14C6  MouseInit.fancyMouse
            14CD              14CD  MouseInit.donePacketSetting
            1517              1517  PICDisableIRQs
            152A              152A  PICInit
            159F              159F  PICIntComplete
            15B2              15B2  PICMaskAll
            15C9              15C9  PICMaskSet
            15E0              15E0  PICUnmaskAll
            15F3              15F3  PITInit
            1602              1602  PS2ControllerWaitDataRead
            161A              161A  PS2ControllerWaitDataRead.waitLoop
            1631              1631  PS2ControllerWaitDataRead.done
            1632              1632  PS2ControllerWaitDataWrite
            164A              164A  PS2ControllerWaitDataWrite.waitLoop
            165D              165D  PS2ControllerWaitDataWrite.done
            165E              165E  Reboot
            1667              1667  SpeedDetect
            167F              167F  SpeedDetect.loop1
            1695              1695  VESAPlot24
            16C5              16C5  VESAPlot32
            16E6              16E6  VESAPrint24
            171A              171A  VESAPrint24.StringDrawLoop
            1735              1735  VESAPrint24.FontBytesLoop
            1742              1742  VESAPrint24.PointPlotA
            1756              1756  VESAPrint24.PointSkipA
            176C              176C  VESAPrint24.PointDoneA
            1776              1776  VESAPrint24.PointPlotB
            178A              178A  VESAPrint24.PointSkipB
            17A0              17A0  VESAPrint24.PointDoneB
            17AA              17AA  VESAPrint24.PointPlotC
            17BE              17BE  VESAPrint24.PointSkipC
            17D4              17D4  VESAPrint24.PointDoneC
            17DE              17DE  VESAPrint24.PointPlotD
            17F2              17F2  VESAPrint24.PointSkipD
            1808              1808  VESAPrint24.PointDoneD
            1812              1812  VESAPrint24.PointPlotE
            1826              1826  VESAPrint24.PointSkipE
            183C              183C  VESAPrint24.PointDoneE
            1846              1846  VESAPrint24.PointPlotF
            185A              185A  VESAPrint24.PointSkipF
            1870              1870  VESAPrint24.PointDoneF
            187A              187A  VESAPrint24.PointPlotG
            188E              188E  VESAPrint24.PointSkipG
            18A4              18A4  VESAPrint24.PointDoneG
            18AE              18AE  VESAPrint24.PointPlotH
            18C2              18C2  VESAPrint24.PointSkipH
            18D8              18D8  VESAPrint24.PointDoneH
            18F7              18F7  VESAPrint24.End
            18F9              18F9  VESAPrint32
            192D              192D  VESAPrint32.StringDrawLoop
            1948              1948  VESAPrint32.FontBytesLoop
            19CA              19CA  VESAPrint32.End
            19CC              19CC  MemoryInit
            19CC              19CC  MemoryInit.starte820
            1A02              1A02  MemoryInit.e820Continue
            1A21              1A21  MemoryInit.next
            1A33              1A33  MemoryInit.notext
            1A3F              1A3F  MemoryInit.skipentry
            1A44              1A44  MemoryInit.e820f
            1A4A              1A4A  MemoryInit.failed
            1A54              1A54  memmap_ent
            1A56              1A56  MemoryGet
            1A57              1A57  MemoryDispose
            1A58              1A58  ConvertHexToString
            1B02              1B02  DebugPrint
            1B4B              1B4B  DebugPrint.scratchString
            1B55              1B55  tSystemInfo
            1B55              1B55  tSystemInfo.kernelVersionMajor
            1B57              1B57  tSystemInfo.kernelVersionMinor
            1B59              1B59  tSystemInfo.kernelCopyright
            1BA5              1BA5  tSystemInfo.memoryTotalKB
            1BA9              1BA9  tSystemInfo.memoryAvailableKB
            1BAD              1BAD  tSystemInfo.memoryBlockPointer
            1BB1              1BB1  tSystemInfo.secondsSinceBoot
            1BB5              1BB5  tSystemInfo.tickCounter
            1BB6              1BB6  tSystemInfo.delayValue
            1BBA              1BBA  tSystemInfo.lastError
            1BBE              1BBE  tSystemInfo.VESAVersionMajor
            1BBF              1BBF  tSystemInfo.VESAVersionMinor
            1BC0              1BC0  tSystemInfo.VESAOEMStringPointer
            1BC4              1BC4  tSystemInfo.VESACapabilities
            1BC8              1BC8  tSystemInfo.VESAWidth
            1BCA              1BCA  tSystemInfo.VESAHeight
            1BCC              1BCC  tSystemInfo.VESAColorDepth
            1BCD              1BCD  tSystemInfo.VESAVideoRAMKB
            1BD1              1BD1  tSystemInfo.VESAOEMSoftwareRevision
            1BD3              1BD3  tSystemInfo.VESAOEMVendorNamePointer
            1BD7              1BD7  tSystemInfo.VESAOEMProductNamePointer
            1BDB              1BDB  tSystemInfo.VESAOEMProductRevisionPointer
            1BDF              1BDF  tSystemInfo.VESAOEMDataStringsPointer
            1BE3              1BE3  tSystemInfo.VESALFBAddress
            1BE7              1BE7  tSystemInfo.CPUIDVendorString
            1BF7              1BF7  tSystemInfo.CPUIDBrandString
            1C37              1C37  tSystemInfo.CPUIDLargestBasicQuery
            1C3B              1C3B  tSystemInfo.CPUIDLargestExtendedQuery
            1C3F              1C3F  tSystemInfo.APMVersionMajor
            1C40              1C40  tSystemInfo.APMVersionMinor
            1C41              1C41  tSystemInfo.APMFeatures
            1C43              1C43  tSystemInfo.keyboardType
            1C45              1C45  tSystemInfo.mouseAvailable
            1C46              1C46  tSystemInfo.mouseButtonCount
            1C47              1C47  tSystemInfo.mouseID
            1C48              1C48  tSystemInfo.mouseWheelPresent
            1C49              1C49  tSystemInfo.mouseButtons
            1C4A              1C4A  tSystemInfo.mouseX
            1C4C              1C4C  tSystemInfo.mouseY
            1C4E              1C4E  tSystemInfo.mouseZ
            1C50              1C50  tSystemInfo.mousePacketByteSize
            1C51              1C51  tSystemInfo.mousePacketByteCount
            1C52              1C52  tSystemInfo.mousePacketByte1
            1C53              1C53  tSystemInfo.mousePacketByte2
            1C54              1C54  tSystemInfo.mousePacketByte3
            1C55              1C55  tSystemInfo.mousePacketByte4
            1C56              1C56  tSystemInfo.multicoreAvailable
            1C57              1C57  tSystemInfo.PCISupport
            1C58              1C58  tVESAInfoBlock
            1C58              1C58  tVESAInfoBlock.VBESignature
            1C5C              1C5C  tVESAInfoBlock.VBEVersionMinor
            1C5D              1C5D  tVESAInfoBlock.VBEVersionMajor
            1C5E              1C5E  tVESAInfoBlock.OEMStringOffset
            1C60              1C60  tVESAInfoBlock.OEMStringSegment
            1C62              1C62  tVESAInfoBlock.Capabilities
            1C66              1C66  tVESAInfoBlock.VideoModeListOffset
            1C68              1C68  tVESAInfoBlock.VideoModeListSegment
            1C6A              1C6A  tVESAInfoBlock.TotalMemory
            1C6C              1C6C  tVESAInfoBlock.OEMSoftwareRev
            1C6E              1C6E  tVESAInfoBlock.OEMVendorNameOffset
            1C70              1C70  tVESAInfoBlock.OEMVendorNameSegment
            1C72              1C72  tVESAInfoBlock.OEMProductNameOffset
            1C74              1C74  tVESAInfoBlock.OEMProductNameSegment
            1C76              1C76  tVESAInfoBlock.OEMProductRevOffset
            1C78              1C78  tVESAInfoBlock.OEMProductRevSegment
            1C7A              1C7A  tVESAInfoBlock.Reserved
            1D58              1D58  tVESAInfoBlock.OEMData
            1E58              1E58  tVESAModeInfo
            1E58              1E58  tVESAModeInfo.ModeAttributes
            1E5A              1E5A  tVESAModeInfo.WinAAttributes
            1E5B              1E5B  tVESAModeInfo.WinBAttributes
            1E5C              1E5C  tVESAModeInfo.WinGranularity
            1E5E              1E5E  tVESAModeInfo.WinSize
            1E60              1E60  tVESAModeInfo.WinASegment
            1E62              1E62  tVESAModeInfo.WinBSegment
            1E64              1E64  tVESAModeInfo.WinFuncPtr
            1E68              1E68  tVESAModeInfo.BytesPerScanline
            1E6A              1E6A  tVESAModeInfo.XResolution
            1E6C              1E6C  tVESAModeInfo.YResolution
            1E6E              1E6E  tVESAModeInfo.XCharSize
            1E6F              1E6F  tVESAModeInfo.YCharSize
            1E70              1E70  tVESAModeInfo.NumberOfPlanes
            1E71              1E71  tVESAModeInfo.BitsPerPixel
            1E72              1E72  tVESAModeInfo.NumberOfBanks
            1E73              1E73  tVESAModeInfo.MemoryModel
            1E74              1E74  tVESAModeInfo.BankSize
            1E75              1E75  tVESAModeInfo.NumberOfImagePages
            1E76              1E76  tVESAModeInfo.ReservedA
            1E77              1E77  tVESAModeInfo.RedMaskSize
            1E78              1E78  tVESAModeInfo.RedFieldPosition
            1E79              1E79  tVESAModeInfo.GreenMaskSize
            1E7A              1E7A  tVESAModeInfo.GreenFieldPosition
            1E7B              1E7B  tVESAModeInfo.BlueMaskSize
            1E7C              1E7C  tVESAModeInfo.BlueFieldPosition
            1E7D              1E7D  tVESAModeInfo.RsvdMaskSize
            1E7E              1E7E  tVESAModeInfo.RsvdFieldPosition
            1E7F              1E7F  tVESAModeInfo.DirectColorModeInfo
            1E80              1E80  tVESAModeInfo.PhysBasePtr
            1E84              1E84  tVESAModeInfo.OffScreenMemOffset
            1E88              1E88  tVESAModeInfo.OffScreenMemSize
            1E8A              1E8A  tVESAModeInfo.ReservedB
            1F58              1F58  tMBR
            1F58              1F58  tMBR.BootCode
            2116              2116  tMBR.Partiton1Status
            2117              2117  tMBR.Partition1FirstSectorCHS
            211A              211A  tMBR.Partition1Type
            211B              211B  tMBR.Partition1LastSectorCHS
            211E              211E  tMBR.Partition1FirstSectorLBA
            2122              2122  tMBR.Partition1SectorCount
            2126              2126  tMBR.Partition2Status
            2127              2127  tMBR.Partition2FirstSectorCHS
            212A              212A  tMBR.Partition2Type
            212B              212B  tMBR.Partition2LastSectorCHS
            212E              212E  tMBR.Partition2FirstSectorLBA
            2132              2132  tMBR.Partition2SectorCount
            2136              2136  tMBR.Partition3Status
            2137              2137  tMBR.Partition3FirstSectorCHS
            213A              213A  tMBR.Partition3Type
            213B              213B  tMBR.Partition3LastSectorCHS
            213E              213E  tMBR.Partition3FirstSectorLBA
            2142              2142  tMBR.Partition3SectorCount
            2146              2146  tMBR.Partition4Status
            2147              2147  tMBR.Partition4FirstSectorCHS
            214A              214A  tMBR.Partition4Type
            214B              214B  tMBR.Partition4LastSectorCHS
            214E              214E  tMBR.Partition4FirstSectorLBA
            2152              2152  tMBR.Partition4SectorCount
            2156              2156  tMBR.Signature
            2158              2158  tFAT16BootSector
            2158              2158  tFAT16BootSector.JumpOpcode
            215B              215B  tFAT16BootSector.OEMName
            2163              2163  tFAT16BootSector.BytesPerSector
            2165              2165  tFAT16BootSector.SectorsPerCluster
            2166              2166  tFAT16BootSector.ReservedSectors
            2168              2168  tFAT16BootSector.FATCount
            2169              2169  tFAT16BootSector.MaxRootEntries
            216B              216B  tFAT16BootSector.TotalSectors
            216D              216D  tFAT16BootSector.MediaDescriptor
            216E              216E  tFAT16BootSector.SectorsPerFAT
            2170              2170  tFAT16BootSector.SectorsPerTrack
            2172              2172  tFAT16BootSector.HeadCount
            2174              2174  tFAT16BootSector.HiddenSectors
            2178              2178  tFAT16BootSector.TotalSectorsAndHidden
            217A              217A  tFAT16BootSector.PhysicalDriveNumber
            217B              217B  tFAT16BootSector.Reserved
            217C              217C  tFAT16BootSector.ExtendedSignature
            217D              217D  tFAT16BootSector.VolumeSerial
            2181              2181  tFAT16BootSector.PartitionVolumeLabel
            218C              218C  tFAT16BootSector.FileSystemType
            2194              2194  tFAT16BootSector.BootCode
            2354              2354  tFAT16BootSector.Signature
            2356              2356  VESAPlot
            235A              235A  VESAPrint
            235E              235E  kCRLF
            2361              2361  kIDTPtr
            2365              2365  kPIC1CmdPort
            2367              2367  kPIC1DataPort
            2369              2369  kPIC2CmdPort
            236B              236B  kPIC2DataPort
            236D              236D  kPITPort
            236F              236F  kConfigBitsHint
            237B              237B  kConfigBits
            237F              237F  kHexDigits
            238F              238F  kKeyBufferWrite
            2390              2390  kKeyBufferRead
            2391              2391  kKeyBuffer
            2491              2491  kPrintString
            2591              2591  kUnsupportedInt
            25BA              25BA  kFastA20Fail
            25EF              25EF  kMeme820unsup
            261D              261D  kFailed
            264A              264A  kRebootMSG
            2657              2657  kKeyTable
            26AD              26AD  kKernelFont
            36AD              36AD  tEvent

